[debug] [2026-01-02T02:42:07.130Z] ----------------------------------------------------------------------
[debug] [2026-01-02T02:42:07.132Z] Command:       C:\Program Files\nodejs\node.exe C:\Users\kevin\AppData\Roaming\npm\node_modules\firebase-tools\lib\bin\firebase.js deploy --only functions
[debug] [2026-01-02T02:42:07.132Z] CLI Version:   14.24.0
[debug] [2026-01-02T02:42:07.132Z] Platform:      win32
[debug] [2026-01-02T02:42:07.132Z] Node Version:  v22.15.0
[debug] [2026-01-02T02:42:07.132Z] Time:          Thu Jan 01 2026 21:42:07 GMT-0500 (hora de Ecuador)
[debug] [2026-01-02T02:42:07.132Z] ----------------------------------------------------------------------
[debug] 
[debug] [2026-01-02T02:42:07.279Z] > command requires scopes: ["email","openid","https://www.googleapis.com/auth/cloudplatformprojects.readonly","https://www.googleapis.com/auth/firebase","https://www.googleapis.com/auth/cloud-platform"]
[debug] [2026-01-02T02:42:07.280Z] > authorizing via signed-in user (porkevin743@gmail.com)
[debug] [2026-01-02T02:42:07.280Z] [iam] checking project tesisderechoutpl for permissions ["cloudfunctions.functions.create","cloudfunctions.functions.delete","cloudfunctions.functions.get","cloudfunctions.functions.list","cloudfunctions.functions.update","cloudfunctions.operations.get","firebase.projects.get"]
[debug] [2026-01-02T02:42:07.281Z] Checked if tokens are valid: true, expires at: 1767324834945
[debug] [2026-01-02T02:42:07.281Z] Checked if tokens are valid: true, expires at: 1767324834945
[debug] [2026-01-02T02:42:07.281Z] >>> [apiv2][query] POST https://cloudresourcemanager.googleapis.com/v1/projects/tesisderechoutpl:testIamPermissions [none]
[debug] [2026-01-02T02:42:07.281Z] >>> [apiv2][(partial)header] POST https://cloudresourcemanager.googleapis.com/v1/projects/tesisderechoutpl:testIamPermissions x-goog-quota-user=projects/tesisderechoutpl
[debug] [2026-01-02T02:42:07.281Z] >>> [apiv2][body] POST https://cloudresourcemanager.googleapis.com/v1/projects/tesisderechoutpl:testIamPermissions {"permissions":["cloudfunctions.functions.create","cloudfunctions.functions.delete","cloudfunctions.functions.get","cloudfunctions.functions.list","cloudfunctions.functions.update","cloudfunctions.operations.get","firebase.projects.get"]}
[debug] [2026-01-02T02:42:08.189Z] <<< [apiv2][status] POST https://cloudresourcemanager.googleapis.com/v1/projects/tesisderechoutpl:testIamPermissions 200
[debug] [2026-01-02T02:42:08.189Z] <<< [apiv2][body] POST https://cloudresourcemanager.googleapis.com/v1/projects/tesisderechoutpl:testIamPermissions {"permissions":["cloudfunctions.functions.create","cloudfunctions.functions.delete","cloudfunctions.functions.get","cloudfunctions.functions.list","cloudfunctions.functions.update","cloudfunctions.operations.get","firebase.projects.get"]}
[debug] [2026-01-02T02:42:08.189Z] Checked if tokens are valid: true, expires at: 1767324834945
[debug] [2026-01-02T02:42:08.189Z] Checked if tokens are valid: true, expires at: 1767324834945
[debug] [2026-01-02T02:42:08.189Z] >>> [apiv2][query] POST https://iam.googleapis.com/v1/projects/tesisderechoutpl/serviceAccounts/tesisderechoutpl@appspot.gserviceaccount.com:testIamPermissions [none]
[debug] [2026-01-02T02:42:08.189Z] >>> [apiv2][body] POST https://iam.googleapis.com/v1/projects/tesisderechoutpl/serviceAccounts/tesisderechoutpl@appspot.gserviceaccount.com:testIamPermissions {"permissions":["iam.serviceAccounts.actAs"]}
[debug] [2026-01-02T02:42:09.017Z] <<< [apiv2][status] POST https://iam.googleapis.com/v1/projects/tesisderechoutpl/serviceAccounts/tesisderechoutpl@appspot.gserviceaccount.com:testIamPermissions 200
[debug] [2026-01-02T02:42:09.017Z] <<< [apiv2][body] POST https://iam.googleapis.com/v1/projects/tesisderechoutpl/serviceAccounts/tesisderechoutpl@appspot.gserviceaccount.com:testIamPermissions {"permissions":["iam.serviceAccounts.actAs"]}
[info] 
[info] === Deploying to 'tesisderechoutpl'...
[info] 
[info] i  deploying functions 
[debug] [2026-01-02T02:42:09.019Z] Checked if tokens are valid: true, expires at: 1767324834945
[debug] [2026-01-02T02:42:09.019Z] Checked if tokens are valid: true, expires at: 1767324834945
[debug] [2026-01-02T02:42:09.020Z] >>> [apiv2][query] GET https://cloudresourcemanager.googleapis.com/v1/projects/tesisderechoutpl [none]
[debug] [2026-01-02T02:42:09.197Z] <<< [apiv2][status] GET https://cloudresourcemanager.googleapis.com/v1/projects/tesisderechoutpl 200
[debug] [2026-01-02T02:42:09.197Z] <<< [apiv2][body] GET https://cloudresourcemanager.googleapis.com/v1/projects/tesisderechoutpl {"projectNumber":"1051057023448","projectId":"tesisderechoutpl","lifecycleState":"ACTIVE","name":"TesisDerechoUTPL","labels":{"firebase":"enabled"},"createTime":"2024-08-28T03:27:39.959584Z"}
[info] i  functions: preparing codebase default for deployment 
[info] i  functions: ensuring required API cloudfunctions.googleapis.com is enabled... 
[info] i  functions: ensuring required API cloudbuild.googleapis.com is enabled... 
[info] i  artifactregistry: ensuring required API artifactregistry.googleapis.com is enabled... 
[debug] [2026-01-02T02:42:09.199Z] Checked if tokens are valid: true, expires at: 1767324834945
[debug] [2026-01-02T02:42:09.199Z] Checked if tokens are valid: true, expires at: 1767324834945
[debug] [2026-01-02T02:42:09.199Z] >>> [apiv2][query] GET https://firebase.googleapis.com/v1beta1/projects/tesisderechoutpl/adminSdkConfig [none]
[debug] [2026-01-02T02:42:11.331Z] <<< [apiv2][status] GET https://firebase.googleapis.com/v1beta1/projects/tesisderechoutpl/adminSdkConfig 200
[debug] [2026-01-02T02:42:11.332Z] <<< [apiv2][body] GET https://firebase.googleapis.com/v1beta1/projects/tesisderechoutpl/adminSdkConfig {"projectId":"tesisderechoutpl","storageBucket":"tesisderechoutpl.appspot.com","locationId":"us-central"}
[debug] [2026-01-02T02:42:11.332Z] Checked if tokens are valid: true, expires at: 1767324834945
[debug] [2026-01-02T02:42:11.332Z] Checked if tokens are valid: true, expires at: 1767324834945
[debug] [2026-01-02T02:42:11.333Z] >>> [apiv2][query] GET https://runtimeconfig.googleapis.com/v1beta1/projects/tesisderechoutpl/configs [none]
[debug] [2026-01-02T02:42:12.216Z] <<< [apiv2][status] GET https://runtimeconfig.googleapis.com/v1beta1/projects/tesisderechoutpl/configs 200
[debug] [2026-01-02T02:42:12.217Z] <<< [apiv2][body] GET https://runtimeconfig.googleapis.com/v1beta1/projects/tesisderechoutpl/configs {}
[debug] [2026-01-02T02:42:12.219Z] Validating nodejs source
[warn] !  functions: package.json indicates an outdated version of firebase-functions. Please upgrade using npm install --save firebase-functions@latest in your functions directory. 
[warn] !  functions: Please note that there will be breaking changes when you upgrade. 
[debug] [2026-01-02T02:42:13.022Z] > [functions] package.json contents: {
  "name": "functions",
  "description": "Cloud Functions for Firebase",
  "scripts": {
    "serve": "firebase emulators:start --only functions",
    "shell": "firebase functions:shell",
    "start": "npm run shell",
    "deploy": "firebase deploy --only functions",
    "logs": "firebase functions:log"
  },
  "engines": {
    "node": "20"
  },
  "main": "index.js",
  "dependencies": {
    "firebase-admin": "^12.1.0",
    "firebase-functions": "^5.0.0"
  },
  "devDependencies": {
    "firebase-functions-test": "^3.1.0"
  },
  "private": true
}
[debug] [2026-01-02T02:42:13.022Z] Building nodejs source
[info] i  functions: Loading and analyzing source code for codebase default to determine what to deploy 
[debug] [2026-01-02T02:42:13.023Z] Could not find functions.yaml. Must use http discovery
[debug] [2026-01-02T02:42:13.029Z] Found firebase-functions binary at 'C:\kevin\TesisDerechoUtpl\functions\node_modules\.bin\firebase-functions'
[info] Serving at port 8793

[debug] [2026-01-02T02:42:13.593Z] Got response from /__/functions.yaml {"endpoints":{"sendEmail":{"platform":"gcfv1","labels":{},"availableMemoryMb":null,"timeoutSeconds":null,"minInstances":null,"maxInstances":null,"ingressSettings":null,"serviceAccountEmail":null,"vpc":null,"callableTrigger":{},"entryPoint":"sendEmail"}},"specVersion":"v1alpha1","requiredAPIs":[],"extensions":{}}
[info] i  extensions: ensuring required API firebaseextensions.googleapis.com is enabled... 
[debug] [2026-01-02T02:42:17.617Z] Checked if tokens are valid: true, expires at: 1767324834945
[debug] [2026-01-02T02:42:17.617Z] Checked if tokens are valid: true, expires at: 1767324834945
[debug] [2026-01-02T02:42:17.617Z] >>> [apiv2][query] GET https://serviceusage.googleapis.com/v1/projects/tesisderechoutpl/services/firebaseextensions.googleapis.com [none]
[debug] [2026-01-02T02:42:17.617Z] >>> [apiv2][(partial)header] GET https://serviceusage.googleapis.com/v1/projects/tesisderechoutpl/services/firebaseextensions.googleapis.com x-goog-quota-user=projects/tesisderechoutpl
[debug] [2026-01-02T02:42:19.307Z] <<< [apiv2][status] GET https://serviceusage.googleapis.com/v1/projects/tesisderechoutpl/services/firebaseextensions.googleapis.com 200
[debug] [2026-01-02T02:42:19.307Z] <<< [apiv2][body] GET https://serviceusage.googleapis.com/v1/projects/tesisderechoutpl/services/firebaseextensions.googleapis.com [omitted]
[info] +  extensions: required API firebaseextensions.googleapis.com is enabled 
[debug] [2026-01-02T02:42:19.313Z] > command requires scopes: ["email","openid","https://www.googleapis.com/auth/cloudplatformprojects.readonly","https://www.googleapis.com/auth/firebase","https://www.googleapis.com/auth/cloud-platform"]
[debug] [2026-01-02T02:42:19.314Z] > authorizing via signed-in user (porkevin743@gmail.com)
[debug] [2026-01-02T02:42:19.314Z] [iam] checking project tesisderechoutpl for permissions ["firebase.projects.get","firebaseextensions.instances.list"]
[debug] [2026-01-02T02:42:19.314Z] Checked if tokens are valid: true, expires at: 1767324834945
[debug] [2026-01-02T02:42:19.314Z] Checked if tokens are valid: true, expires at: 1767324834945
[debug] [2026-01-02T02:42:19.314Z] >>> [apiv2][query] POST https://cloudresourcemanager.googleapis.com/v1/projects/tesisderechoutpl:testIamPermissions [none]
[debug] [2026-01-02T02:42:19.314Z] >>> [apiv2][(partial)header] POST https://cloudresourcemanager.googleapis.com/v1/projects/tesisderechoutpl:testIamPermissions x-goog-quota-user=projects/tesisderechoutpl
[debug] [2026-01-02T02:42:19.314Z] >>> [apiv2][body] POST https://cloudresourcemanager.googleapis.com/v1/projects/tesisderechoutpl:testIamPermissions {"permissions":["firebase.projects.get","firebaseextensions.instances.list"]}
[debug] [2026-01-02T02:42:19.954Z] <<< [apiv2][status] POST https://cloudresourcemanager.googleapis.com/v1/projects/tesisderechoutpl:testIamPermissions 200
[debug] [2026-01-02T02:42:19.954Z] <<< [apiv2][body] POST https://cloudresourcemanager.googleapis.com/v1/projects/tesisderechoutpl:testIamPermissions {"permissions":["firebase.projects.get","firebaseextensions.instances.list"]}
[debug] [2026-01-02T02:42:19.955Z] Checked if tokens are valid: true, expires at: 1767324834945
[debug] [2026-01-02T02:42:19.955Z] Checked if tokens are valid: true, expires at: 1767324834945
[debug] [2026-01-02T02:42:19.956Z] >>> [apiv2][query] GET https://firebaseextensions.googleapis.com/v1beta/projects/tesisderechoutpl/instances pageSize=100&pageToken=
[debug] [2026-01-02T02:42:21.341Z] <<< [apiv2][status] GET https://firebaseextensions.googleapis.com/v1beta/projects/tesisderechoutpl/instances 200
[debug] [2026-01-02T02:42:21.341Z] <<< [apiv2][body] GET https://firebaseextensions.googleapis.com/v1beta/projects/tesisderechoutpl/instances {}
[info] i  functions: preparing functions directory for uploading... 
[info] i  functions: packaged C:\kevin\TesisDerechoUtpl\functions (68.95 KB) for uploading 
[debug] [2026-01-02T02:42:21.371Z] Checked if tokens are valid: true, expires at: 1767324834945
[debug] [2026-01-02T02:42:21.371Z] Checked if tokens are valid: true, expires at: 1767324834945
[debug] [2026-01-02T02:42:21.371Z] >>> [apiv2][query] GET https://cloudfunctions.googleapis.com/v1/projects/tesisderechoutpl/locations/-/functions [none]
[debug] [2026-01-02T02:42:23.125Z] <<< [apiv2][status] GET https://cloudfunctions.googleapis.com/v1/projects/tesisderechoutpl/locations/-/functions 200
[debug] [2026-01-02T02:42:23.126Z] <<< [apiv2][body] GET https://cloudfunctions.googleapis.com/v1/projects/tesisderechoutpl/locations/-/functions {"functions":[{"name":"projects/tesisderechoutpl/locations/us-central1/functions/sendEmail","httpsTrigger":{"url":"https://us-central1-tesisderechoutpl.cloudfunctions.net/sendEmail","securityLevel":"SECURE_ALWAYS"},"status":"OFFLINE","entryPoint":"sendEmail","timeout":"60s","availableMemoryMb":256,"serviceAccountEmail":"tesisderechoutpl@appspot.gserviceaccount.com","updateTime":"2025-04-28T22:39:15.292664086Z","versionId":"1","labels":{"deployment-tool":"cli-firebase","deployment-callable":"true","firebase-functions-hash":"59efbc0d182238fd5a250457943eea8aaa3b47c8"},"sourceUploadUrl":"https://storage.googleapis.com/uploads-726654289055.us-central1.cloudfunctions.appspot.com/9e1e6053-615a-4dea-9dae-263f59768370.zip","environmentVariables":{"FIREBASE_CONFIG":"{\"projectId\":\"tesisderechoutpl\",\"storageBucket\":\"tesisderechoutpl.appspot.com\",\"locationId\":\"us-central\"}","GCLOUD_PROJECT":"tesisderechoutpl","EVENTARC_CLOUD_EVENT_SOURCE":"projects/tesisderechoutpl/locations/us-central1/functions/sendEmail"},"runtime":"nodejs18","ingressSettings":"ALLOW_ALL","buildEnvironmentVariables":{"GOOGLE_NODE_RUN_SCRIPTS":""},"dockerRegistry":"ARTIFACT_REGISTRY","automaticUpdatePolicy":{},"buildServiceAccount":"projects/tesisderechoutpl/serviceAccounts/1051057023448-compute@developer.gserviceaccount.com","satisfiesPzi":true}]}
[debug] [2026-01-02T02:42:23.126Z] Checked if tokens are valid: true, expires at: 1767324834945
[debug] [2026-01-02T02:42:23.126Z] Checked if tokens are valid: true, expires at: 1767324834945
[debug] [2026-01-02T02:42:23.127Z] >>> [apiv2][query] GET https://cloudfunctions.googleapis.com/v2/projects/tesisderechoutpl/locations/-/functions filter=environment%3D%22GEN_2%22
[debug] [2026-01-02T02:42:23.613Z] <<< [apiv2][status] GET https://cloudfunctions.googleapis.com/v2/projects/tesisderechoutpl/locations/-/functions 200
[debug] [2026-01-02T02:42:23.613Z] <<< [apiv2][body] GET https://cloudfunctions.googleapis.com/v2/projects/tesisderechoutpl/locations/-/functions {}
[debug] [2026-01-02T02:42:23.615Z] Checked if tokens are valid: true, expires at: 1767324834945
[debug] [2026-01-02T02:42:23.615Z] Checked if tokens are valid: true, expires at: 1767324834945
[debug] [2026-01-02T02:42:23.615Z] >>> [apiv2][query] GET https://cloudresourcemanager.googleapis.com/v1/projects/tesisderechoutpl [none]
[debug] [2026-01-02T02:42:24.192Z] <<< [apiv2][status] GET https://cloudresourcemanager.googleapis.com/v1/projects/tesisderechoutpl 200
[debug] [2026-01-02T02:42:24.193Z] <<< [apiv2][body] GET https://cloudresourcemanager.googleapis.com/v1/projects/tesisderechoutpl {"projectNumber":"1051057023448","projectId":"tesisderechoutpl","lifecycleState":"ACTIVE","name":"TesisDerechoUTPL","labels":{"firebase":"enabled"},"createTime":"2024-08-28T03:27:39.959584Z"}
[debug] [2026-01-02T02:42:24.195Z] Checked if tokens are valid: true, expires at: 1767324834945
[debug] [2026-01-02T02:42:24.195Z] Checked if tokens are valid: true, expires at: 1767324834945
[debug] [2026-01-02T02:42:24.195Z] >>> [apiv2][query] GET https://cloudbilling.googleapis.com/v1/projects/tesisderechoutpl/billingInfo [none]
[debug] [2026-01-02T02:42:25.108Z] <<< [apiv2][status] GET https://cloudbilling.googleapis.com/v1/projects/tesisderechoutpl/billingInfo 200
[debug] [2026-01-02T02:42:25.108Z] <<< [apiv2][body] GET https://cloudbilling.googleapis.com/v1/projects/tesisderechoutpl/billingInfo {"name":"projects/tesisderechoutpl/billingInfo","projectId":"tesisderechoutpl","billingAccountName":"billingAccounts/0173B7-939FC6-DD59AE","billingEnabled":true}
[debug] [2026-01-02T02:42:25.110Z] Checked if tokens are valid: true, expires at: 1767324834945
[debug] [2026-01-02T02:42:25.110Z] Checked if tokens are valid: true, expires at: 1767324834945
[debug] [2026-01-02T02:42:25.110Z] >>> [apiv2][query] POST https://cloudfunctions.googleapis.com/v1/projects/tesisderechoutpl/locations/us-central1/functions:generateUploadUrl [none]
[debug] [2026-01-02T02:42:25.110Z] >>> [apiv2][body] POST https://cloudfunctions.googleapis.com/v1/projects/tesisderechoutpl/locations/us-central1/functions:generateUploadUrl {}
[debug] [2026-01-02T02:42:25.862Z] <<< [apiv2][status] POST https://cloudfunctions.googleapis.com/v1/projects/tesisderechoutpl/locations/us-central1/functions:generateUploadUrl 200
[debug] [2026-01-02T02:42:25.862Z] <<< [apiv2][body] POST https://cloudfunctions.googleapis.com/v1/projects/tesisderechoutpl/locations/us-central1/functions:generateUploadUrl {"uploadUrl":"https://storage.googleapis.com/uploads-726654289055.us-central1.cloudfunctions.appspot.com/8812ac0a-e94d-49b2-a7e5-8e18d1fa8cf5.zip?GoogleAccessId=service-1051057023448@gcf-admin-robot.iam.gserviceaccount.com&Expires=1767323546&Signature=exM41Hu5Y0I2Yss3yB%2BY%2Bwd8jztaK%2BxeN8mSN8v6FneKX4fEzYmUdjX8teKDVXsw6pcVh3qBWDGL%2FXoUsdrkxA4dzsngZ9pbMBq3PEY91WAEQow6Nz6pm9JPS5FhqTz%2BUZ6dooORMTMT%2BXVivpUyJrl%2Bz4gcl1DdPYzTNQTyYe6nuHZazKkrKBo6w0iwdx03ntyjDdZZccvPPkkAd7HeGyFKxekMrQXLs76J6dOTXmpzGCk9UDiFp1GfqR1%2FZAdu0ZhofU17yzj8B2O8nMZ1rbyS9e9ixpAyGqGB0gDO1enzeV4EGG7kKFK4BZo5mlA%2BDL5JbxCDuFr%2B8FxFDXtNXg%3D%3D"}
[debug] [2026-01-02T02:42:25.862Z] >>> [apiv2][query] PUT https://storage.googleapis.com/uploads-726654289055.us-central1.cloudfunctions.appspot.com/8812ac0a-e94d-49b2-a7e5-8e18d1fa8cf5.zip GoogleAccessId=service-1051057023448%40gcf-admin-robot.iam.gserviceaccount.com&Expires=1767323546&Signature=exM41Hu5Y0I2Yss3yB%2BY%2Bwd8jztaK%2BxeN8mSN8v6FneKX4fEzYmUdjX8teKDVXsw6pcVh3qBWDGL%2FXoUsdrkxA4dzsngZ9pbMBq3PEY91WAEQow6Nz6pm9JPS5FhqTz%2BUZ6dooORMTMT%2BXVivpUyJrl%2Bz4gcl1DdPYzTNQTyYe6nuHZazKkrKBo6w0iwdx03ntyjDdZZccvPPkkAd7HeGyFKxekMrQXLs76J6dOTXmpzGCk9UDiFp1GfqR1%2FZAdu0ZhofU17yzj8B2O8nMZ1rbyS9e9ixpAyGqGB0gDO1enzeV4EGG7kKFK4BZo5mlA%2BDL5JbxCDuFr%2B8FxFDXtNXg%3D%3D
[debug] [2026-01-02T02:42:25.862Z] >>> [apiv2][body] PUT https://storage.googleapis.com/uploads-726654289055.us-central1.cloudfunctions.appspot.com/8812ac0a-e94d-49b2-a7e5-8e18d1fa8cf5.zip [stream]
[debug] [2026-01-02T02:42:28.903Z] <<< [apiv2][status] PUT https://storage.googleapis.com/uploads-726654289055.us-central1.cloudfunctions.appspot.com/8812ac0a-e94d-49b2-a7e5-8e18d1fa8cf5.zip 200
[debug] [2026-01-02T02:42:28.903Z] <<< [apiv2][body] PUT https://storage.googleapis.com/uploads-726654289055.us-central1.cloudfunctions.appspot.com/8812ac0a-e94d-49b2-a7e5-8e18d1fa8cf5.zip [omitted]
[info] +  functions: functions source uploaded successfully 
[info] i  functions: updating Node.js 20 (1st Gen) function sendEmail(us-central1)... 
[debug] [2026-01-02T02:42:28.911Z] Checked if tokens are valid: true, expires at: 1767324834945
[debug] [2026-01-02T02:42:28.911Z] Checked if tokens are valid: true, expires at: 1767324834945
[debug] [2026-01-02T02:42:28.911Z] >>> [apiv2][query] PATCH https://cloudfunctions.googleapis.com/v1/projects/tesisderechoutpl/locations/us-central1/functions/sendEmail updateMask=name%2CsourceUploadUrl%2CentryPoint%2Cruntime%2CdockerRegistry%2Clabels%2ChttpsTrigger.securityLevel%2CminInstances%2CmaxInstances%2CingressSettings%2CenvironmentVariables%2CserviceAccountEmail%2CavailableMemoryMb%2Ctimeout%2CvpcConnector%2CvpcConnectorEgressSettings%2CsourceToken%2CbuildEnvironmentVariables
[debug] [2026-01-02T02:42:28.911Z] >>> [apiv2][body] PATCH https://cloudfunctions.googleapis.com/v1/projects/tesisderechoutpl/locations/us-central1/functions/sendEmail {"name":"projects/tesisderechoutpl/locations/us-central1/functions/sendEmail","sourceUploadUrl":"https://storage.googleapis.com/uploads-726654289055.us-central1.cloudfunctions.appspot.com/8812ac0a-e94d-49b2-a7e5-8e18d1fa8cf5.zip?GoogleAccessId=service-1051057023448@gcf-admin-robot.iam.gserviceaccount.com&Expires=1767323546&Signature=exM41Hu5Y0I2Yss3yB%2BY%2Bwd8jztaK%2BxeN8mSN8v6FneKX4fEzYmUdjX8teKDVXsw6pcVh3qBWDGL%2FXoUsdrkxA4dzsngZ9pbMBq3PEY91WAEQow6Nz6pm9JPS5FhqTz%2BUZ6dooORMTMT%2BXVivpUyJrl%2Bz4gcl1DdPYzTNQTyYe6nuHZazKkrKBo6w0iwdx03ntyjDdZZccvPPkkAd7HeGyFKxekMrQXLs76J6dOTXmpzGCk9UDiFp1GfqR1%2FZAdu0ZhofU17yzj8B2O8nMZ1rbyS9e9ixpAyGqGB0gDO1enzeV4EGG7kKFK4BZo5mlA%2BDL5JbxCDuFr%2B8FxFDXtNXg%3D%3D","entryPoint":"sendEmail","runtime":"nodejs20","dockerRegistry":"ARTIFACT_REGISTRY","labels":{"deployment-tool":"cli-firebase","deployment-callable":"true","firebase-functions-hash":"c12b6b54eda13d382d4af81c1ee647989e5060af"},"httpsTrigger":{"securityLevel":"SECURE_ALWAYS"},"minInstances":null,"maxInstances":null,"ingressSettings":null,"environmentVariables":{"FIREBASE_CONFIG":"{\"projectId\":\"tesisderechoutpl\",\"storageBucket\":\"tesisderechoutpl.appspot.com\",\"locationId\":\"us-central\"}","GCLOUD_PROJECT":"tesisderechoutpl","EVENTARC_CLOUD_EVENT_SOURCE":"projects/tesisderechoutpl/locations/us-central1/functions/sendEmail"},"serviceAccountEmail":null,"availableMemoryMb":null,"timeout":null,"vpcConnector":null,"vpcConnectorEgressSettings":null,"buildEnvironmentVariables":{"GOOGLE_NODE_RUN_SCRIPTS":""}}
[debug] [2026-01-02T02:42:29.458Z] <<< [apiv2][status] PATCH https://cloudfunctions.googleapis.com/v1/projects/tesisderechoutpl/locations/us-central1/functions/sendEmail 200
[debug] [2026-01-02T02:42:29.458Z] <<< [apiv2][body] PATCH https://cloudfunctions.googleapis.com/v1/projects/tesisderechoutpl/locations/us-central1/functions/sendEmail {"name":"operations/dGVzaXNkZXJlY2hvdXRwbC91cy1jZW50cmFsMS9zZW5kRW1haWwvVm1Kck5GNzJwY0k","metadata":{"@type":"type.googleapis.com/google.cloud.functions.v1.OperationMetadataV1","target":"projects/tesisderechoutpl/locations/us-central1/functions/sendEmail","type":"UPDATE_FUNCTION","request":{"@type":"type.googleapis.com/google.cloud.functions.v1.CloudFunction","name":"projects/tesisderechoutpl/locations/us-central1/functions/sendEmail","httpsTrigger":{"url":"https://us-central1-tesisderechoutpl.cloudfunctions.net/sendEmail","securityLevel":"SECURE_ALWAYS"},"status":"OFFLINE","entryPoint":"sendEmail","updateTime":"2025-04-28T22:39:14.924Z","versionId":"1","labels":{"deployment-tool":"cli-firebase","deployment-callable":"true","firebase-functions-hash":"c12b6b54eda13d382d4af81c1ee647989e5060af"},"sourceUploadUrl":"https://storage.googleapis.com/uploads-726654289055.us-central1.cloudfunctions.appspot.com/8812ac0a-e94d-49b2-a7e5-8e18d1fa8cf5.zip?GoogleAccessId=service-1051057023448@gcf-admin-robot.iam.gserviceaccount.com&Expires=1767323546&Signature=exM41Hu5Y0I2Yss3yB%2BY%2Bwd8jztaK%2BxeN8mSN8v6FneKX4fEzYmUdjX8teKDVXsw6pcVh3qBWDGL%2FXoUsdrkxA4dzsngZ9pbMBq3PEY91WAEQow6Nz6pm9JPS5FhqTz%2BUZ6dooORMTMT%2BXVivpUyJrl%2Bz4gcl1DdPYzTNQTyYe6nuHZazKkrKBo6w0iwdx03ntyjDdZZccvPPkkAd7HeGyFKxekMrQXLs76J6dOTXmpzGCk9UDiFp1GfqR1%2FZAdu0ZhofU17yzj8B2O8nMZ1rbyS9e9ixpAyGqGB0gDO1enzeV4EGG7kKFK4BZo5mlA%2BDL5JbxCDuFr%2B8FxFDXtNXg%3D%3D","environmentVariables":{"FIREBASE_CONFIG":"{\"projectId\":\"tesisderechoutpl\",\"storageBucket\":\"tesisderechoutpl.appspot.com\",\"locationId\":\"us-central\"}","GCLOUD_PROJECT":"tesisderechoutpl","EVENTARC_CLOUD_EVENT_SOURCE":"projects/tesisderechoutpl/locations/us-central1/functions/sendEmail"},"runtime":"nodejs20","buildEnvironmentVariables":{"GOOGLE_NODE_RUN_SCRIPTS":""},"dockerRegistry":"ARTIFACT_REGISTRY","automaticUpdatePolicy":{},"buildServiceAccount":"projects/tesisderechoutpl/serviceAccounts/1051057023448-compute@developer.gserviceaccount.com"},"versionId":"2","updateTime":"2026-01-02T02:42:30Z"}}
[debug] [2026-01-02T02:42:29.459Z] Checked if tokens are valid: true, expires at: 1767324834945
[debug] [2026-01-02T02:42:29.459Z] Checked if tokens are valid: true, expires at: 1767324834945
[debug] [2026-01-02T02:42:29.459Z] >>> [apiv2][query] GET https://cloudfunctions.googleapis.com/v1/operations/dGVzaXNkZXJlY2hvdXRwbC91cy1jZW50cmFsMS9zZW5kRW1haWwvVm1Kck5GNzJwY0k [none]
[debug] [2026-01-02T02:42:29.717Z] <<< [apiv2][status] GET https://cloudfunctions.googleapis.com/v1/operations/dGVzaXNkZXJlY2hvdXRwbC91cy1jZW50cmFsMS9zZW5kRW1haWwvVm1Kck5GNzJwY0k 200
[debug] [2026-01-02T02:42:29.718Z] <<< [apiv2][body] GET https://cloudfunctions.googleapis.com/v1/operations/dGVzaXNkZXJlY2hvdXRwbC91cy1jZW50cmFsMS9zZW5kRW1haWwvVm1Kck5GNzJwY0k {"name":"operations/dGVzaXNkZXJlY2hvdXRwbC91cy1jZW50cmFsMS9zZW5kRW1haWwvVm1Kck5GNzJwY0k","metadata":{"@type":"type.googleapis.com/google.cloud.functions.v1.OperationMetadataV1","target":"projects/tesisderechoutpl/locations/us-central1/functions/sendEmail","type":"UPDATE_FUNCTION","request":{"@type":"type.googleapis.com/google.cloud.functions.v1.CloudFunction","name":"projects/tesisderechoutpl/locations/us-central1/functions/sendEmail","httpsTrigger":{"url":"https://us-central1-tesisderechoutpl.cloudfunctions.net/sendEmail","securityLevel":"SECURE_ALWAYS"},"status":"OFFLINE","entryPoint":"sendEmail","updateTime":"2025-04-28T22:39:14.924Z","versionId":"1","labels":{"deployment-tool":"cli-firebase","deployment-callable":"true","firebase-functions-hash":"c12b6b54eda13d382d4af81c1ee647989e5060af"},"sourceUploadUrl":"https://storage.googleapis.com/uploads-726654289055.us-central1.cloudfunctions.appspot.com/8812ac0a-e94d-49b2-a7e5-8e18d1fa8cf5.zip?GoogleAccessId=service-1051057023448@gcf-admin-robot.iam.gserviceaccount.com&Expires=1767323546&Signature=exM41Hu5Y0I2Yss3yB%2BY%2Bwd8jztaK%2BxeN8mSN8v6FneKX4fEzYmUdjX8teKDVXsw6pcVh3qBWDGL%2FXoUsdrkxA4dzsngZ9pbMBq3PEY91WAEQow6Nz6pm9JPS5FhqTz%2BUZ6dooORMTMT%2BXVivpUyJrl%2Bz4gcl1DdPYzTNQTyYe6nuHZazKkrKBo6w0iwdx03ntyjDdZZccvPPkkAd7HeGyFKxekMrQXLs76J6dOTXmpzGCk9UDiFp1GfqR1%2FZAdu0ZhofU17yzj8B2O8nMZ1rbyS9e9ixpAyGqGB0gDO1enzeV4EGG7kKFK4BZo5mlA%2BDL5JbxCDuFr%2B8FxFDXtNXg%3D%3D","environmentVariables":{"FIREBASE_CONFIG":"{\"projectId\":\"tesisderechoutpl\",\"storageBucket\":\"tesisderechoutpl.appspot.com\",\"locationId\":\"us-central\"}","GCLOUD_PROJECT":"tesisderechoutpl","EVENTARC_CLOUD_EVENT_SOURCE":"projects/tesisderechoutpl/locations/us-central1/functions/sendEmail"},"runtime":"nodejs20","buildEnvironmentVariables":{"GOOGLE_NODE_RUN_SCRIPTS":""},"dockerRegistry":"ARTIFACT_REGISTRY","automaticUpdatePolicy":{},"buildServiceAccount":"projects/tesisderechoutpl/serviceAccounts/1051057023448-compute@developer.gserviceaccount.com"},"versionId":"2","updateTime":"2026-01-02T02:42:30Z"}}
[debug] [2026-01-02T02:42:30.226Z] [update-default-us-central1-sendEmail] Retrying task index 0
[debug] [2026-01-02T02:42:30.227Z] Checked if tokens are valid: true, expires at: 1767324834945
[debug] [2026-01-02T02:42:30.227Z] Checked if tokens are valid: true, expires at: 1767324834945
[debug] [2026-01-02T02:42:30.227Z] >>> [apiv2][query] GET https://cloudfunctions.googleapis.com/v1/operations/dGVzaXNkZXJlY2hvdXRwbC91cy1jZW50cmFsMS9zZW5kRW1haWwvVm1Kck5GNzJwY0k [none]
[debug] [2026-01-02T02:42:30.600Z] <<< [apiv2][status] GET https://cloudfunctions.googleapis.com/v1/operations/dGVzaXNkZXJlY2hvdXRwbC91cy1jZW50cmFsMS9zZW5kRW1haWwvVm1Kck5GNzJwY0k 200
[debug] [2026-01-02T02:42:30.600Z] <<< [apiv2][body] GET https://cloudfunctions.googleapis.com/v1/operations/dGVzaXNkZXJlY2hvdXRwbC91cy1jZW50cmFsMS9zZW5kRW1haWwvVm1Kck5GNzJwY0k {"name":"operations/dGVzaXNkZXJlY2hvdXRwbC91cy1jZW50cmFsMS9zZW5kRW1haWwvVm1Kck5GNzJwY0k","metadata":{"@type":"type.googleapis.com/google.cloud.functions.v1.OperationMetadataV1","target":"projects/tesisderechoutpl/locations/us-central1/functions/sendEmail","type":"UPDATE_FUNCTION","request":{"@type":"type.googleapis.com/google.cloud.functions.v1.CloudFunction","name":"projects/tesisderechoutpl/locations/us-central1/functions/sendEmail","httpsTrigger":{"url":"https://us-central1-tesisderechoutpl.cloudfunctions.net/sendEmail","securityLevel":"SECURE_ALWAYS"},"status":"OFFLINE","entryPoint":"sendEmail","updateTime":"2025-04-28T22:39:14.924Z","versionId":"1","labels":{"deployment-tool":"cli-firebase","deployment-callable":"true","firebase-functions-hash":"c12b6b54eda13d382d4af81c1ee647989e5060af"},"sourceUploadUrl":"https://storage.googleapis.com/uploads-726654289055.us-central1.cloudfunctions.appspot.com/8812ac0a-e94d-49b2-a7e5-8e18d1fa8cf5.zip?GoogleAccessId=service-1051057023448@gcf-admin-robot.iam.gserviceaccount.com&Expires=1767323546&Signature=exM41Hu5Y0I2Yss3yB%2BY%2Bwd8jztaK%2BxeN8mSN8v6FneKX4fEzYmUdjX8teKDVXsw6pcVh3qBWDGL%2FXoUsdrkxA4dzsngZ9pbMBq3PEY91WAEQow6Nz6pm9JPS5FhqTz%2BUZ6dooORMTMT%2BXVivpUyJrl%2Bz4gcl1DdPYzTNQTyYe6nuHZazKkrKBo6w0iwdx03ntyjDdZZccvPPkkAd7HeGyFKxekMrQXLs76J6dOTXmpzGCk9UDiFp1GfqR1%2FZAdu0ZhofU17yzj8B2O8nMZ1rbyS9e9ixpAyGqGB0gDO1enzeV4EGG7kKFK4BZo5mlA%2BDL5JbxCDuFr%2B8FxFDXtNXg%3D%3D","environmentVariables":{"FIREBASE_CONFIG":"{\"projectId\":\"tesisderechoutpl\",\"storageBucket\":\"tesisderechoutpl.appspot.com\",\"locationId\":\"us-central\"}","GCLOUD_PROJECT":"tesisderechoutpl","EVENTARC_CLOUD_EVENT_SOURCE":"projects/tesisderechoutpl/locations/us-central1/functions/sendEmail"},"runtime":"nodejs20","buildEnvironmentVariables":{"GOOGLE_NODE_RUN_SCRIPTS":""},"dockerRegistry":"ARTIFACT_REGISTRY","automaticUpdatePolicy":{},"buildServiceAccount":"projects/tesisderechoutpl/serviceAccounts/1051057023448-compute@developer.gserviceaccount.com"},"versionId":"2","updateTime":"2026-01-02T02:42:30Z","buildId":"c5046470-cfa8-4c11-bf89-f295358cac0e","buildName":"projects/1051057023448/locations/us-central1/builds/c5046470-cfa8-4c11-bf89-f295358cac0e"}}
[debug] [2026-01-02T02:42:31.609Z] [update-default-us-central1-sendEmail] Retrying task index 0
[debug] [2026-01-02T02:42:31.609Z] Checked if tokens are valid: true, expires at: 1767324834945
[debug] [2026-01-02T02:42:31.609Z] Checked if tokens are valid: true, expires at: 1767324834945
[debug] [2026-01-02T02:42:31.609Z] >>> [apiv2][query] GET https://cloudfunctions.googleapis.com/v1/operations/dGVzaXNkZXJlY2hvdXRwbC91cy1jZW50cmFsMS9zZW5kRW1haWwvVm1Kck5GNzJwY0k [none]
[debug] [2026-01-02T02:42:31.984Z] <<< [apiv2][status] GET https://cloudfunctions.googleapis.com/v1/operations/dGVzaXNkZXJlY2hvdXRwbC91cy1jZW50cmFsMS9zZW5kRW1haWwvVm1Kck5GNzJwY0k 200
[debug] [2026-01-02T02:42:31.985Z] <<< [apiv2][body] GET https://cloudfunctions.googleapis.com/v1/operations/dGVzaXNkZXJlY2hvdXRwbC91cy1jZW50cmFsMS9zZW5kRW1haWwvVm1Kck5GNzJwY0k {"name":"operations/dGVzaXNkZXJlY2hvdXRwbC91cy1jZW50cmFsMS9zZW5kRW1haWwvVm1Kck5GNzJwY0k","metadata":{"@type":"type.googleapis.com/google.cloud.functions.v1.OperationMetadataV1","target":"projects/tesisderechoutpl/locations/us-central1/functions/sendEmail","type":"UPDATE_FUNCTION","request":{"@type":"type.googleapis.com/google.cloud.functions.v1.CloudFunction","name":"projects/tesisderechoutpl/locations/us-central1/functions/sendEmail","httpsTrigger":{"url":"https://us-central1-tesisderechoutpl.cloudfunctions.net/sendEmail","securityLevel":"SECURE_ALWAYS"},"status":"OFFLINE","entryPoint":"sendEmail","updateTime":"2025-04-28T22:39:14.924Z","versionId":"1","labels":{"deployment-tool":"cli-firebase","deployment-callable":"true","firebase-functions-hash":"c12b6b54eda13d382d4af81c1ee647989e5060af"},"sourceUploadUrl":"https://storage.googleapis.com/uploads-726654289055.us-central1.cloudfunctions.appspot.com/8812ac0a-e94d-49b2-a7e5-8e18d1fa8cf5.zip?GoogleAccessId=service-1051057023448@gcf-admin-robot.iam.gserviceaccount.com&Expires=1767323546&Signature=exM41Hu5Y0I2Yss3yB%2BY%2Bwd8jztaK%2BxeN8mSN8v6FneKX4fEzYmUdjX8teKDVXsw6pcVh3qBWDGL%2FXoUsdrkxA4dzsngZ9pbMBq3PEY91WAEQow6Nz6pm9JPS5FhqTz%2BUZ6dooORMTMT%2BXVivpUyJrl%2Bz4gcl1DdPYzTNQTyYe6nuHZazKkrKBo6w0iwdx03ntyjDdZZccvPPkkAd7HeGyFKxekMrQXLs76J6dOTXmpzGCk9UDiFp1GfqR1%2FZAdu0ZhofU17yzj8B2O8nMZ1rbyS9e9ixpAyGqGB0gDO1enzeV4EGG7kKFK4BZo5mlA%2BDL5JbxCDuFr%2B8FxFDXtNXg%3D%3D","environmentVariables":{"FIREBASE_CONFIG":"{\"projectId\":\"tesisderechoutpl\",\"storageBucket\":\"tesisderechoutpl.appspot.com\",\"locationId\":\"us-central\"}","GCLOUD_PROJECT":"tesisderechoutpl","EVENTARC_CLOUD_EVENT_SOURCE":"projects/tesisderechoutpl/locations/us-central1/functions/sendEmail"},"runtime":"nodejs20","buildEnvironmentVariables":{"GOOGLE_NODE_RUN_SCRIPTS":""},"dockerRegistry":"ARTIFACT_REGISTRY","automaticUpdatePolicy":{},"buildServiceAccount":"projects/tesisderechoutpl/serviceAccounts/1051057023448-compute@developer.gserviceaccount.com"},"versionId":"2","updateTime":"2026-01-02T02:42:30Z","buildId":"c5046470-cfa8-4c11-bf89-f295358cac0e","buildName":"projects/1051057023448/locations/us-central1/builds/c5046470-cfa8-4c11-bf89-f295358cac0e"}}
[debug] [2026-01-02T02:42:33.997Z] [update-default-us-central1-sendEmail] Retrying task index 0
[debug] [2026-01-02T02:42:33.998Z] Checked if tokens are valid: true, expires at: 1767324834945
[debug] [2026-01-02T02:42:33.998Z] Checked if tokens are valid: true, expires at: 1767324834945
[debug] [2026-01-02T02:42:33.998Z] >>> [apiv2][query] GET https://cloudfunctions.googleapis.com/v1/operations/dGVzaXNkZXJlY2hvdXRwbC91cy1jZW50cmFsMS9zZW5kRW1haWwvVm1Kck5GNzJwY0k [none]
[debug] [2026-01-02T02:42:34.330Z] <<< [apiv2][status] GET https://cloudfunctions.googleapis.com/v1/operations/dGVzaXNkZXJlY2hvdXRwbC91cy1jZW50cmFsMS9zZW5kRW1haWwvVm1Kck5GNzJwY0k 200
[debug] [2026-01-02T02:42:34.330Z] <<< [apiv2][body] GET https://cloudfunctions.googleapis.com/v1/operations/dGVzaXNkZXJlY2hvdXRwbC91cy1jZW50cmFsMS9zZW5kRW1haWwvVm1Kck5GNzJwY0k {"name":"operations/dGVzaXNkZXJlY2hvdXRwbC91cy1jZW50cmFsMS9zZW5kRW1haWwvVm1Kck5GNzJwY0k","metadata":{"@type":"type.googleapis.com/google.cloud.functions.v1.OperationMetadataV1","target":"projects/tesisderechoutpl/locations/us-central1/functions/sendEmail","type":"UPDATE_FUNCTION","request":{"@type":"type.googleapis.com/google.cloud.functions.v1.CloudFunction","name":"projects/tesisderechoutpl/locations/us-central1/functions/sendEmail","httpsTrigger":{"url":"https://us-central1-tesisderechoutpl.cloudfunctions.net/sendEmail","securityLevel":"SECURE_ALWAYS"},"status":"OFFLINE","entryPoint":"sendEmail","updateTime":"2025-04-28T22:39:14.924Z","versionId":"1","labels":{"deployment-tool":"cli-firebase","deployment-callable":"true","firebase-functions-hash":"c12b6b54eda13d382d4af81c1ee647989e5060af"},"sourceUploadUrl":"https://storage.googleapis.com/uploads-726654289055.us-central1.cloudfunctions.appspot.com/8812ac0a-e94d-49b2-a7e5-8e18d1fa8cf5.zip?GoogleAccessId=service-1051057023448@gcf-admin-robot.iam.gserviceaccount.com&Expires=1767323546&Signature=exM41Hu5Y0I2Yss3yB%2BY%2Bwd8jztaK%2BxeN8mSN8v6FneKX4fEzYmUdjX8teKDVXsw6pcVh3qBWDGL%2FXoUsdrkxA4dzsngZ9pbMBq3PEY91WAEQow6Nz6pm9JPS5FhqTz%2BUZ6dooORMTMT%2BXVivpUyJrl%2Bz4gcl1DdPYzTNQTyYe6nuHZazKkrKBo6w0iwdx03ntyjDdZZccvPPkkAd7HeGyFKxekMrQXLs76J6dOTXmpzGCk9UDiFp1GfqR1%2FZAdu0ZhofU17yzj8B2O8nMZ1rbyS9e9ixpAyGqGB0gDO1enzeV4EGG7kKFK4BZo5mlA%2BDL5JbxCDuFr%2B8FxFDXtNXg%3D%3D","environmentVariables":{"FIREBASE_CONFIG":"{\"projectId\":\"tesisderechoutpl\",\"storageBucket\":\"tesisderechoutpl.appspot.com\",\"locationId\":\"us-central\"}","GCLOUD_PROJECT":"tesisderechoutpl","EVENTARC_CLOUD_EVENT_SOURCE":"projects/tesisderechoutpl/locations/us-central1/functions/sendEmail"},"runtime":"nodejs20","buildEnvironmentVariables":{"GOOGLE_NODE_RUN_SCRIPTS":""},"dockerRegistry":"ARTIFACT_REGISTRY","automaticUpdatePolicy":{},"buildServiceAccount":"projects/tesisderechoutpl/serviceAccounts/1051057023448-compute@developer.gserviceaccount.com"},"versionId":"2","updateTime":"2026-01-02T02:42:30Z","buildId":"c5046470-cfa8-4c11-bf89-f295358cac0e","buildName":"projects/1051057023448/locations/us-central1/builds/c5046470-cfa8-4c11-bf89-f295358cac0e"}}
[debug] [2026-01-02T02:42:38.334Z] [update-default-us-central1-sendEmail] Retrying task index 0
[debug] [2026-01-02T02:42:38.334Z] Checked if tokens are valid: true, expires at: 1767324834945
[debug] [2026-01-02T02:42:38.334Z] Checked if tokens are valid: true, expires at: 1767324834945
[debug] [2026-01-02T02:42:38.335Z] >>> [apiv2][query] GET https://cloudfunctions.googleapis.com/v1/operations/dGVzaXNkZXJlY2hvdXRwbC91cy1jZW50cmFsMS9zZW5kRW1haWwvVm1Kck5GNzJwY0k [none]
[debug] [2026-01-02T02:42:38.711Z] <<< [apiv2][status] GET https://cloudfunctions.googleapis.com/v1/operations/dGVzaXNkZXJlY2hvdXRwbC91cy1jZW50cmFsMS9zZW5kRW1haWwvVm1Kck5GNzJwY0k 200
[debug] [2026-01-02T02:42:38.712Z] <<< [apiv2][body] GET https://cloudfunctions.googleapis.com/v1/operations/dGVzaXNkZXJlY2hvdXRwbC91cy1jZW50cmFsMS9zZW5kRW1haWwvVm1Kck5GNzJwY0k {"name":"operations/dGVzaXNkZXJlY2hvdXRwbC91cy1jZW50cmFsMS9zZW5kRW1haWwvVm1Kck5GNzJwY0k","metadata":{"@type":"type.googleapis.com/google.cloud.functions.v1.OperationMetadataV1","target":"projects/tesisderechoutpl/locations/us-central1/functions/sendEmail","type":"UPDATE_FUNCTION","request":{"@type":"type.googleapis.com/google.cloud.functions.v1.CloudFunction","name":"projects/tesisderechoutpl/locations/us-central1/functions/sendEmail","httpsTrigger":{"url":"https://us-central1-tesisderechoutpl.cloudfunctions.net/sendEmail","securityLevel":"SECURE_ALWAYS"},"status":"OFFLINE","entryPoint":"sendEmail","updateTime":"2025-04-28T22:39:14.924Z","versionId":"1","labels":{"deployment-tool":"cli-firebase","deployment-callable":"true","firebase-functions-hash":"c12b6b54eda13d382d4af81c1ee647989e5060af"},"sourceUploadUrl":"https://storage.googleapis.com/uploads-726654289055.us-central1.cloudfunctions.appspot.com/8812ac0a-e94d-49b2-a7e5-8e18d1fa8cf5.zip?GoogleAccessId=service-1051057023448@gcf-admin-robot.iam.gserviceaccount.com&Expires=1767323546&Signature=exM41Hu5Y0I2Yss3yB%2BY%2Bwd8jztaK%2BxeN8mSN8v6FneKX4fEzYmUdjX8teKDVXsw6pcVh3qBWDGL%2FXoUsdrkxA4dzsngZ9pbMBq3PEY91WAEQow6Nz6pm9JPS5FhqTz%2BUZ6dooORMTMT%2BXVivpUyJrl%2Bz4gcl1DdPYzTNQTyYe6nuHZazKkrKBo6w0iwdx03ntyjDdZZccvPPkkAd7HeGyFKxekMrQXLs76J6dOTXmpzGCk9UDiFp1GfqR1%2FZAdu0ZhofU17yzj8B2O8nMZ1rbyS9e9ixpAyGqGB0gDO1enzeV4EGG7kKFK4BZo5mlA%2BDL5JbxCDuFr%2B8FxFDXtNXg%3D%3D","environmentVariables":{"FIREBASE_CONFIG":"{\"projectId\":\"tesisderechoutpl\",\"storageBucket\":\"tesisderechoutpl.appspot.com\",\"locationId\":\"us-central\"}","GCLOUD_PROJECT":"tesisderechoutpl","EVENTARC_CLOUD_EVENT_SOURCE":"projects/tesisderechoutpl/locations/us-central1/functions/sendEmail"},"runtime":"nodejs20","buildEnvironmentVariables":{"GOOGLE_NODE_RUN_SCRIPTS":""},"dockerRegistry":"ARTIFACT_REGISTRY","automaticUpdatePolicy":{},"buildServiceAccount":"projects/tesisderechoutpl/serviceAccounts/1051057023448-compute@developer.gserviceaccount.com"},"versionId":"2","updateTime":"2026-01-02T02:42:30Z","buildId":"c5046470-cfa8-4c11-bf89-f295358cac0e","buildName":"projects/1051057023448/locations/us-central1/builds/c5046470-cfa8-4c11-bf89-f295358cac0e"}}
[debug] [2026-01-02T02:42:46.714Z] [update-default-us-central1-sendEmail] Retrying task index 0
[debug] [2026-01-02T02:42:46.714Z] Checked if tokens are valid: true, expires at: 1767324834945
[debug] [2026-01-02T02:42:46.714Z] Checked if tokens are valid: true, expires at: 1767324834945
[debug] [2026-01-02T02:42:46.714Z] >>> [apiv2][query] GET https://cloudfunctions.googleapis.com/v1/operations/dGVzaXNkZXJlY2hvdXRwbC91cy1jZW50cmFsMS9zZW5kRW1haWwvVm1Kck5GNzJwY0k [none]
[debug] [2026-01-02T02:42:47.300Z] <<< [apiv2][status] GET https://cloudfunctions.googleapis.com/v1/operations/dGVzaXNkZXJlY2hvdXRwbC91cy1jZW50cmFsMS9zZW5kRW1haWwvVm1Kck5GNzJwY0k 200
[debug] [2026-01-02T02:42:47.300Z] <<< [apiv2][body] GET https://cloudfunctions.googleapis.com/v1/operations/dGVzaXNkZXJlY2hvdXRwbC91cy1jZW50cmFsMS9zZW5kRW1haWwvVm1Kck5GNzJwY0k {"name":"operations/dGVzaXNkZXJlY2hvdXRwbC91cy1jZW50cmFsMS9zZW5kRW1haWwvVm1Kck5GNzJwY0k","metadata":{"@type":"type.googleapis.com/google.cloud.functions.v1.OperationMetadataV1","target":"projects/tesisderechoutpl/locations/us-central1/functions/sendEmail","type":"UPDATE_FUNCTION","request":{"@type":"type.googleapis.com/google.cloud.functions.v1.CloudFunction","name":"projects/tesisderechoutpl/locations/us-central1/functions/sendEmail","httpsTrigger":{"url":"https://us-central1-tesisderechoutpl.cloudfunctions.net/sendEmail","securityLevel":"SECURE_ALWAYS"},"status":"OFFLINE","entryPoint":"sendEmail","updateTime":"2025-04-28T22:39:14.924Z","versionId":"1","labels":{"deployment-tool":"cli-firebase","deployment-callable":"true","firebase-functions-hash":"c12b6b54eda13d382d4af81c1ee647989e5060af"},"sourceUploadUrl":"https://storage.googleapis.com/uploads-726654289055.us-central1.cloudfunctions.appspot.com/8812ac0a-e94d-49b2-a7e5-8e18d1fa8cf5.zip?GoogleAccessId=service-1051057023448@gcf-admin-robot.iam.gserviceaccount.com&Expires=1767323546&Signature=exM41Hu5Y0I2Yss3yB%2BY%2Bwd8jztaK%2BxeN8mSN8v6FneKX4fEzYmUdjX8teKDVXsw6pcVh3qBWDGL%2FXoUsdrkxA4dzsngZ9pbMBq3PEY91WAEQow6Nz6pm9JPS5FhqTz%2BUZ6dooORMTMT%2BXVivpUyJrl%2Bz4gcl1DdPYzTNQTyYe6nuHZazKkrKBo6w0iwdx03ntyjDdZZccvPPkkAd7HeGyFKxekMrQXLs76J6dOTXmpzGCk9UDiFp1GfqR1%2FZAdu0ZhofU17yzj8B2O8nMZ1rbyS9e9ixpAyGqGB0gDO1enzeV4EGG7kKFK4BZo5mlA%2BDL5JbxCDuFr%2B8FxFDXtNXg%3D%3D","environmentVariables":{"FIREBASE_CONFIG":"{\"projectId\":\"tesisderechoutpl\",\"storageBucket\":\"tesisderechoutpl.appspot.com\",\"locationId\":\"us-central\"}","GCLOUD_PROJECT":"tesisderechoutpl","EVENTARC_CLOUD_EVENT_SOURCE":"projects/tesisderechoutpl/locations/us-central1/functions/sendEmail"},"runtime":"nodejs20","buildEnvironmentVariables":{"GOOGLE_NODE_RUN_SCRIPTS":""},"dockerRegistry":"ARTIFACT_REGISTRY","automaticUpdatePolicy":{},"buildServiceAccount":"projects/tesisderechoutpl/serviceAccounts/1051057023448-compute@developer.gserviceaccount.com"},"versionId":"2","updateTime":"2026-01-02T02:42:30Z","buildId":"c5046470-cfa8-4c11-bf89-f295358cac0e","buildName":"projects/1051057023448/locations/us-central1/builds/c5046470-cfa8-4c11-bf89-f295358cac0e"}}
[debug] [2026-01-02T02:42:57.311Z] [update-default-us-central1-sendEmail] Retrying task index 0
[debug] [2026-01-02T02:42:57.311Z] Checked if tokens are valid: true, expires at: 1767324834945
[debug] [2026-01-02T02:42:57.311Z] Checked if tokens are valid: true, expires at: 1767324834945
[debug] [2026-01-02T02:42:57.311Z] >>> [apiv2][query] GET https://cloudfunctions.googleapis.com/v1/operations/dGVzaXNkZXJlY2hvdXRwbC91cy1jZW50cmFsMS9zZW5kRW1haWwvVm1Kck5GNzJwY0k [none]
[debug] [2026-01-02T02:42:57.702Z] <<< [apiv2][status] GET https://cloudfunctions.googleapis.com/v1/operations/dGVzaXNkZXJlY2hvdXRwbC91cy1jZW50cmFsMS9zZW5kRW1haWwvVm1Kck5GNzJwY0k 200
[debug] [2026-01-02T02:42:57.702Z] <<< [apiv2][body] GET https://cloudfunctions.googleapis.com/v1/operations/dGVzaXNkZXJlY2hvdXRwbC91cy1jZW50cmFsMS9zZW5kRW1haWwvVm1Kck5GNzJwY0k {"name":"operations/dGVzaXNkZXJlY2hvdXRwbC91cy1jZW50cmFsMS9zZW5kRW1haWwvVm1Kck5GNzJwY0k","metadata":{"@type":"type.googleapis.com/google.cloud.functions.v1.OperationMetadataV1","target":"projects/tesisderechoutpl/locations/us-central1/functions/sendEmail","type":"UPDATE_FUNCTION","request":{"@type":"type.googleapis.com/google.cloud.functions.v1.CloudFunction","name":"projects/tesisderechoutpl/locations/us-central1/functions/sendEmail","httpsTrigger":{"url":"https://us-central1-tesisderechoutpl.cloudfunctions.net/sendEmail","securityLevel":"SECURE_ALWAYS"},"status":"OFFLINE","entryPoint":"sendEmail","updateTime":"2025-04-28T22:39:14.924Z","versionId":"1","labels":{"deployment-tool":"cli-firebase","deployment-callable":"true","firebase-functions-hash":"c12b6b54eda13d382d4af81c1ee647989e5060af"},"sourceUploadUrl":"https://storage.googleapis.com/uploads-726654289055.us-central1.cloudfunctions.appspot.com/8812ac0a-e94d-49b2-a7e5-8e18d1fa8cf5.zip?GoogleAccessId=service-1051057023448@gcf-admin-robot.iam.gserviceaccount.com&Expires=1767323546&Signature=exM41Hu5Y0I2Yss3yB%2BY%2Bwd8jztaK%2BxeN8mSN8v6FneKX4fEzYmUdjX8teKDVXsw6pcVh3qBWDGL%2FXoUsdrkxA4dzsngZ9pbMBq3PEY91WAEQow6Nz6pm9JPS5FhqTz%2BUZ6dooORMTMT%2BXVivpUyJrl%2Bz4gcl1DdPYzTNQTyYe6nuHZazKkrKBo6w0iwdx03ntyjDdZZccvPPkkAd7HeGyFKxekMrQXLs76J6dOTXmpzGCk9UDiFp1GfqR1%2FZAdu0ZhofU17yzj8B2O8nMZ1rbyS9e9ixpAyGqGB0gDO1enzeV4EGG7kKFK4BZo5mlA%2BDL5JbxCDuFr%2B8FxFDXtNXg%3D%3D","environmentVariables":{"FIREBASE_CONFIG":"{\"projectId\":\"tesisderechoutpl\",\"storageBucket\":\"tesisderechoutpl.appspot.com\",\"locationId\":\"us-central\"}","GCLOUD_PROJECT":"tesisderechoutpl","EVENTARC_CLOUD_EVENT_SOURCE":"projects/tesisderechoutpl/locations/us-central1/functions/sendEmail"},"runtime":"nodejs20","buildEnvironmentVariables":{"GOOGLE_NODE_RUN_SCRIPTS":""},"dockerRegistry":"ARTIFACT_REGISTRY","automaticUpdatePolicy":{},"buildServiceAccount":"projects/tesisderechoutpl/serviceAccounts/1051057023448-compute@developer.gserviceaccount.com"},"versionId":"2","updateTime":"2026-01-02T02:42:30Z","buildId":"c5046470-cfa8-4c11-bf89-f295358cac0e","buildName":"projects/1051057023448/locations/us-central1/builds/c5046470-cfa8-4c11-bf89-f295358cac0e"}}
[debug] [2026-01-02T02:43:07.703Z] [update-default-us-central1-sendEmail] Retrying task index 0
[debug] [2026-01-02T02:43:07.703Z] Checked if tokens are valid: true, expires at: 1767324834945
[debug] [2026-01-02T02:43:07.703Z] Checked if tokens are valid: true, expires at: 1767324834945
[debug] [2026-01-02T02:43:07.703Z] >>> [apiv2][query] GET https://cloudfunctions.googleapis.com/v1/operations/dGVzaXNkZXJlY2hvdXRwbC91cy1jZW50cmFsMS9zZW5kRW1haWwvVm1Kck5GNzJwY0k [none]
[debug] [2026-01-02T02:43:08.205Z] <<< [apiv2][status] GET https://cloudfunctions.googleapis.com/v1/operations/dGVzaXNkZXJlY2hvdXRwbC91cy1jZW50cmFsMS9zZW5kRW1haWwvVm1Kck5GNzJwY0k 200
[debug] [2026-01-02T02:43:08.205Z] <<< [apiv2][body] GET https://cloudfunctions.googleapis.com/v1/operations/dGVzaXNkZXJlY2hvdXRwbC91cy1jZW50cmFsMS9zZW5kRW1haWwvVm1Kck5GNzJwY0k {"name":"operations/dGVzaXNkZXJlY2hvdXRwbC91cy1jZW50cmFsMS9zZW5kRW1haWwvVm1Kck5GNzJwY0k","metadata":{"@type":"type.googleapis.com/google.cloud.functions.v1.OperationMetadataV1","target":"projects/tesisderechoutpl/locations/us-central1/functions/sendEmail","type":"UPDATE_FUNCTION","request":{"@type":"type.googleapis.com/google.cloud.functions.v1.CloudFunction","name":"projects/tesisderechoutpl/locations/us-central1/functions/sendEmail","httpsTrigger":{"url":"https://us-central1-tesisderechoutpl.cloudfunctions.net/sendEmail","securityLevel":"SECURE_ALWAYS"},"status":"OFFLINE","entryPoint":"sendEmail","updateTime":"2025-04-28T22:39:14.924Z","versionId":"1","labels":{"deployment-tool":"cli-firebase","deployment-callable":"true","firebase-functions-hash":"c12b6b54eda13d382d4af81c1ee647989e5060af"},"sourceUploadUrl":"https://storage.googleapis.com/uploads-726654289055.us-central1.cloudfunctions.appspot.com/8812ac0a-e94d-49b2-a7e5-8e18d1fa8cf5.zip?GoogleAccessId=service-1051057023448@gcf-admin-robot.iam.gserviceaccount.com&Expires=1767323546&Signature=exM41Hu5Y0I2Yss3yB%2BY%2Bwd8jztaK%2BxeN8mSN8v6FneKX4fEzYmUdjX8teKDVXsw6pcVh3qBWDGL%2FXoUsdrkxA4dzsngZ9pbMBq3PEY91WAEQow6Nz6pm9JPS5FhqTz%2BUZ6dooORMTMT%2BXVivpUyJrl%2Bz4gcl1DdPYzTNQTyYe6nuHZazKkrKBo6w0iwdx03ntyjDdZZccvPPkkAd7HeGyFKxekMrQXLs76J6dOTXmpzGCk9UDiFp1GfqR1%2FZAdu0ZhofU17yzj8B2O8nMZ1rbyS9e9ixpAyGqGB0gDO1enzeV4EGG7kKFK4BZo5mlA%2BDL5JbxCDuFr%2B8FxFDXtNXg%3D%3D","environmentVariables":{"FIREBASE_CONFIG":"{\"projectId\":\"tesisderechoutpl\",\"storageBucket\":\"tesisderechoutpl.appspot.com\",\"locationId\":\"us-central\"}","GCLOUD_PROJECT":"tesisderechoutpl","EVENTARC_CLOUD_EVENT_SOURCE":"projects/tesisderechoutpl/locations/us-central1/functions/sendEmail"},"runtime":"nodejs20","buildEnvironmentVariables":{"GOOGLE_NODE_RUN_SCRIPTS":""},"dockerRegistry":"ARTIFACT_REGISTRY","automaticUpdatePolicy":{},"buildServiceAccount":"projects/tesisderechoutpl/serviceAccounts/1051057023448-compute@developer.gserviceaccount.com"},"versionId":"2","updateTime":"2026-01-02T02:42:30Z","buildId":"c5046470-cfa8-4c11-bf89-f295358cac0e","buildName":"projects/1051057023448/locations/us-central1/builds/c5046470-cfa8-4c11-bf89-f295358cac0e"}}
[debug] [2026-01-02T02:43:18.213Z] [update-default-us-central1-sendEmail] Retrying task index 0
[debug] [2026-01-02T02:43:18.214Z] Checked if tokens are valid: true, expires at: 1767324834945
[debug] [2026-01-02T02:43:18.214Z] Checked if tokens are valid: true, expires at: 1767324834945
[debug] [2026-01-02T02:43:18.214Z] >>> [apiv2][query] GET https://cloudfunctions.googleapis.com/v1/operations/dGVzaXNkZXJlY2hvdXRwbC91cy1jZW50cmFsMS9zZW5kRW1haWwvVm1Kck5GNzJwY0k [none]
[debug] [2026-01-02T02:43:18.733Z] <<< [apiv2][status] GET https://cloudfunctions.googleapis.com/v1/operations/dGVzaXNkZXJlY2hvdXRwbC91cy1jZW50cmFsMS9zZW5kRW1haWwvVm1Kck5GNzJwY0k 200
[debug] [2026-01-02T02:43:18.734Z] <<< [apiv2][body] GET https://cloudfunctions.googleapis.com/v1/operations/dGVzaXNkZXJlY2hvdXRwbC91cy1jZW50cmFsMS9zZW5kRW1haWwvVm1Kck5GNzJwY0k {"name":"operations/dGVzaXNkZXJlY2hvdXRwbC91cy1jZW50cmFsMS9zZW5kRW1haWwvVm1Kck5GNzJwY0k","metadata":{"@type":"type.googleapis.com/google.cloud.functions.v1.OperationMetadataV1","target":"projects/tesisderechoutpl/locations/us-central1/functions/sendEmail","type":"UPDATE_FUNCTION","request":{"@type":"type.googleapis.com/google.cloud.functions.v1.CloudFunction","name":"projects/tesisderechoutpl/locations/us-central1/functions/sendEmail","httpsTrigger":{"url":"https://us-central1-tesisderechoutpl.cloudfunctions.net/sendEmail","securityLevel":"SECURE_ALWAYS"},"status":"OFFLINE","entryPoint":"sendEmail","updateTime":"2025-04-28T22:39:14.924Z","versionId":"1","labels":{"deployment-tool":"cli-firebase","deployment-callable":"true","firebase-functions-hash":"c12b6b54eda13d382d4af81c1ee647989e5060af"},"sourceUploadUrl":"https://storage.googleapis.com/uploads-726654289055.us-central1.cloudfunctions.appspot.com/8812ac0a-e94d-49b2-a7e5-8e18d1fa8cf5.zip?GoogleAccessId=service-1051057023448@gcf-admin-robot.iam.gserviceaccount.com&Expires=1767323546&Signature=exM41Hu5Y0I2Yss3yB%2BY%2Bwd8jztaK%2BxeN8mSN8v6FneKX4fEzYmUdjX8teKDVXsw6pcVh3qBWDGL%2FXoUsdrkxA4dzsngZ9pbMBq3PEY91WAEQow6Nz6pm9JPS5FhqTz%2BUZ6dooORMTMT%2BXVivpUyJrl%2Bz4gcl1DdPYzTNQTyYe6nuHZazKkrKBo6w0iwdx03ntyjDdZZccvPPkkAd7HeGyFKxekMrQXLs76J6dOTXmpzGCk9UDiFp1GfqR1%2FZAdu0ZhofU17yzj8B2O8nMZ1rbyS9e9ixpAyGqGB0gDO1enzeV4EGG7kKFK4BZo5mlA%2BDL5JbxCDuFr%2B8FxFDXtNXg%3D%3D","environmentVariables":{"FIREBASE_CONFIG":"{\"projectId\":\"tesisderechoutpl\",\"storageBucket\":\"tesisderechoutpl.appspot.com\",\"locationId\":\"us-central\"}","GCLOUD_PROJECT":"tesisderechoutpl","EVENTARC_CLOUD_EVENT_SOURCE":"projects/tesisderechoutpl/locations/us-central1/functions/sendEmail"},"runtime":"nodejs20","buildEnvironmentVariables":{"GOOGLE_NODE_RUN_SCRIPTS":""},"dockerRegistry":"ARTIFACT_REGISTRY","automaticUpdatePolicy":{},"buildServiceAccount":"projects/tesisderechoutpl/serviceAccounts/1051057023448-compute@developer.gserviceaccount.com"},"versionId":"2","updateTime":"2026-01-02T02:42:30Z","buildId":"c5046470-cfa8-4c11-bf89-f295358cac0e","sourceToken":"af4cff60-8816-4359-afd6-67d911b054cd","buildName":"projects/1051057023448/locations/us-central1/builds/c5046470-cfa8-4c11-bf89-f295358cac0e"}}
[debug] [2026-01-02T02:43:18.734Z] Got source token af4cff60-8816-4359-afd6-67d911b054cd for region us-central1
[debug] [2026-01-02T02:43:28.749Z] [update-default-us-central1-sendEmail] Retrying task index 0
[debug] [2026-01-02T02:43:28.750Z] Checked if tokens are valid: true, expires at: 1767324834945
[debug] [2026-01-02T02:43:28.750Z] Checked if tokens are valid: true, expires at: 1767324834945
[debug] [2026-01-02T02:43:28.750Z] >>> [apiv2][query] GET https://cloudfunctions.googleapis.com/v1/operations/dGVzaXNkZXJlY2hvdXRwbC91cy1jZW50cmFsMS9zZW5kRW1haWwvVm1Kck5GNzJwY0k [none]
[debug] [2026-01-02T02:43:29.334Z] <<< [apiv2][status] GET https://cloudfunctions.googleapis.com/v1/operations/dGVzaXNkZXJlY2hvdXRwbC91cy1jZW50cmFsMS9zZW5kRW1haWwvVm1Kck5GNzJwY0k 200
[debug] [2026-01-02T02:43:29.334Z] <<< [apiv2][body] GET https://cloudfunctions.googleapis.com/v1/operations/dGVzaXNkZXJlY2hvdXRwbC91cy1jZW50cmFsMS9zZW5kRW1haWwvVm1Kck5GNzJwY0k {"name":"operations/dGVzaXNkZXJlY2hvdXRwbC91cy1jZW50cmFsMS9zZW5kRW1haWwvVm1Kck5GNzJwY0k","metadata":{"@type":"type.googleapis.com/google.cloud.functions.v1.OperationMetadataV1","target":"projects/tesisderechoutpl/locations/us-central1/functions/sendEmail","type":"UPDATE_FUNCTION","request":{"@type":"type.googleapis.com/google.cloud.functions.v1.CloudFunction","name":"projects/tesisderechoutpl/locations/us-central1/functions/sendEmail","httpsTrigger":{"url":"https://us-central1-tesisderechoutpl.cloudfunctions.net/sendEmail","securityLevel":"SECURE_ALWAYS"},"status":"OFFLINE","entryPoint":"sendEmail","updateTime":"2025-04-28T22:39:14.924Z","versionId":"1","labels":{"deployment-tool":"cli-firebase","deployment-callable":"true","firebase-functions-hash":"c12b6b54eda13d382d4af81c1ee647989e5060af"},"sourceUploadUrl":"https://storage.googleapis.com/uploads-726654289055.us-central1.cloudfunctions.appspot.com/8812ac0a-e94d-49b2-a7e5-8e18d1fa8cf5.zip?GoogleAccessId=service-1051057023448@gcf-admin-robot.iam.gserviceaccount.com&Expires=1767323546&Signature=exM41Hu5Y0I2Yss3yB%2BY%2Bwd8jztaK%2BxeN8mSN8v6FneKX4fEzYmUdjX8teKDVXsw6pcVh3qBWDGL%2FXoUsdrkxA4dzsngZ9pbMBq3PEY91WAEQow6Nz6pm9JPS5FhqTz%2BUZ6dooORMTMT%2BXVivpUyJrl%2Bz4gcl1DdPYzTNQTyYe6nuHZazKkrKBo6w0iwdx03ntyjDdZZccvPPkkAd7HeGyFKxekMrQXLs76J6dOTXmpzGCk9UDiFp1GfqR1%2FZAdu0ZhofU17yzj8B2O8nMZ1rbyS9e9ixpAyGqGB0gDO1enzeV4EGG7kKFK4BZo5mlA%2BDL5JbxCDuFr%2B8FxFDXtNXg%3D%3D","environmentVariables":{"FIREBASE_CONFIG":"{\"projectId\":\"tesisderechoutpl\",\"storageBucket\":\"tesisderechoutpl.appspot.com\",\"locationId\":\"us-central\"}","GCLOUD_PROJECT":"tesisderechoutpl","EVENTARC_CLOUD_EVENT_SOURCE":"projects/tesisderechoutpl/locations/us-central1/functions/sendEmail"},"runtime":"nodejs20","buildEnvironmentVariables":{"GOOGLE_NODE_RUN_SCRIPTS":""},"dockerRegistry":"ARTIFACT_REGISTRY","automaticUpdatePolicy":{},"buildServiceAccount":"projects/tesisderechoutpl/serviceAccounts/1051057023448-compute@developer.gserviceaccount.com"},"versionId":"2","updateTime":"2026-01-02T02:42:30Z","buildId":"c5046470-cfa8-4c11-bf89-f295358cac0e","sourceToken":"af4cff60-8816-4359-afd6-67d911b054cd","buildName":"projects/1051057023448/locations/us-central1/builds/c5046470-cfa8-4c11-bf89-f295358cac0e"}}
[debug] [2026-01-02T02:43:29.334Z] Got source token af4cff60-8816-4359-afd6-67d911b054cd for region us-central1
[debug] [2026-01-02T02:43:39.343Z] [update-default-us-central1-sendEmail] Retrying task index 0
[debug] [2026-01-02T02:43:39.344Z] Checked if tokens are valid: true, expires at: 1767324834945
[debug] [2026-01-02T02:43:39.344Z] Checked if tokens are valid: true, expires at: 1767324834945
[debug] [2026-01-02T02:43:39.344Z] >>> [apiv2][query] GET https://cloudfunctions.googleapis.com/v1/operations/dGVzaXNkZXJlY2hvdXRwbC91cy1jZW50cmFsMS9zZW5kRW1haWwvVm1Kck5GNzJwY0k [none]
[debug] [2026-01-02T02:43:40.169Z] <<< [apiv2][status] GET https://cloudfunctions.googleapis.com/v1/operations/dGVzaXNkZXJlY2hvdXRwbC91cy1jZW50cmFsMS9zZW5kRW1haWwvVm1Kck5GNzJwY0k 200
[debug] [2026-01-02T02:43:40.169Z] <<< [apiv2][body] GET https://cloudfunctions.googleapis.com/v1/operations/dGVzaXNkZXJlY2hvdXRwbC91cy1jZW50cmFsMS9zZW5kRW1haWwvVm1Kck5GNzJwY0k {"name":"operations/dGVzaXNkZXJlY2hvdXRwbC91cy1jZW50cmFsMS9zZW5kRW1haWwvVm1Kck5GNzJwY0k","metadata":{"@type":"type.googleapis.com/google.cloud.functions.v1.OperationMetadataV1","target":"projects/tesisderechoutpl/locations/us-central1/functions/sendEmail","type":"UPDATE_FUNCTION","request":{"@type":"type.googleapis.com/google.cloud.functions.v1.CloudFunction","name":"projects/tesisderechoutpl/locations/us-central1/functions/sendEmail","httpsTrigger":{"url":"https://us-central1-tesisderechoutpl.cloudfunctions.net/sendEmail","securityLevel":"SECURE_ALWAYS"},"status":"OFFLINE","entryPoint":"sendEmail","updateTime":"2025-04-28T22:39:14.924Z","versionId":"1","labels":{"deployment-tool":"cli-firebase","deployment-callable":"true","firebase-functions-hash":"c12b6b54eda13d382d4af81c1ee647989e5060af"},"sourceUploadUrl":"https://storage.googleapis.com/uploads-726654289055.us-central1.cloudfunctions.appspot.com/8812ac0a-e94d-49b2-a7e5-8e18d1fa8cf5.zip?GoogleAccessId=service-1051057023448@gcf-admin-robot.iam.gserviceaccount.com&Expires=1767323546&Signature=exM41Hu5Y0I2Yss3yB%2BY%2Bwd8jztaK%2BxeN8mSN8v6FneKX4fEzYmUdjX8teKDVXsw6pcVh3qBWDGL%2FXoUsdrkxA4dzsngZ9pbMBq3PEY91WAEQow6Nz6pm9JPS5FhqTz%2BUZ6dooORMTMT%2BXVivpUyJrl%2Bz4gcl1DdPYzTNQTyYe6nuHZazKkrKBo6w0iwdx03ntyjDdZZccvPPkkAd7HeGyFKxekMrQXLs76J6dOTXmpzGCk9UDiFp1GfqR1%2FZAdu0ZhofU17yzj8B2O8nMZ1rbyS9e9ixpAyGqGB0gDO1enzeV4EGG7kKFK4BZo5mlA%2BDL5JbxCDuFr%2B8FxFDXtNXg%3D%3D","environmentVariables":{"FIREBASE_CONFIG":"{\"projectId\":\"tesisderechoutpl\",\"storageBucket\":\"tesisderechoutpl.appspot.com\",\"locationId\":\"us-central\"}","GCLOUD_PROJECT":"tesisderechoutpl","EVENTARC_CLOUD_EVENT_SOURCE":"projects/tesisderechoutpl/locations/us-central1/functions/sendEmail"},"runtime":"nodejs20","buildEnvironmentVariables":{"GOOGLE_NODE_RUN_SCRIPTS":""},"dockerRegistry":"ARTIFACT_REGISTRY","automaticUpdatePolicy":{},"buildServiceAccount":"projects/tesisderechoutpl/serviceAccounts/1051057023448-compute@developer.gserviceaccount.com"},"versionId":"2","updateTime":"2026-01-02T02:42:30Z","buildId":"c5046470-cfa8-4c11-bf89-f295358cac0e","sourceToken":"af4cff60-8816-4359-afd6-67d911b054cd","buildName":"projects/1051057023448/locations/us-central1/builds/c5046470-cfa8-4c11-bf89-f295358cac0e"}}
[debug] [2026-01-02T02:43:40.169Z] Got source token af4cff60-8816-4359-afd6-67d911b054cd for region us-central1
[debug] [2026-01-02T02:43:50.184Z] [update-default-us-central1-sendEmail] Retrying task index 0
[debug] [2026-01-02T02:43:50.184Z] Checked if tokens are valid: true, expires at: 1767324834945
[debug] [2026-01-02T02:43:50.184Z] Checked if tokens are valid: true, expires at: 1767324834945
[debug] [2026-01-02T02:43:50.185Z] >>> [apiv2][query] GET https://cloudfunctions.googleapis.com/v1/operations/dGVzaXNkZXJlY2hvdXRwbC91cy1jZW50cmFsMS9zZW5kRW1haWwvVm1Kck5GNzJwY0k [none]
[debug] [2026-01-02T02:43:50.716Z] <<< [apiv2][status] GET https://cloudfunctions.googleapis.com/v1/operations/dGVzaXNkZXJlY2hvdXRwbC91cy1jZW50cmFsMS9zZW5kRW1haWwvVm1Kck5GNzJwY0k 200
[debug] [2026-01-02T02:43:50.716Z] <<< [apiv2][body] GET https://cloudfunctions.googleapis.com/v1/operations/dGVzaXNkZXJlY2hvdXRwbC91cy1jZW50cmFsMS9zZW5kRW1haWwvVm1Kck5GNzJwY0k {"name":"operations/dGVzaXNkZXJlY2hvdXRwbC91cy1jZW50cmFsMS9zZW5kRW1haWwvVm1Kck5GNzJwY0k","metadata":{"@type":"type.googleapis.com/google.cloud.functions.v1.OperationMetadataV1","target":"projects/tesisderechoutpl/locations/us-central1/functions/sendEmail","type":"UPDATE_FUNCTION","request":{"@type":"type.googleapis.com/google.cloud.functions.v1.CloudFunction","name":"projects/tesisderechoutpl/locations/us-central1/functions/sendEmail","httpsTrigger":{"url":"https://us-central1-tesisderechoutpl.cloudfunctions.net/sendEmail","securityLevel":"SECURE_ALWAYS"},"status":"OFFLINE","entryPoint":"sendEmail","updateTime":"2025-04-28T22:39:14.924Z","versionId":"1","labels":{"deployment-tool":"cli-firebase","deployment-callable":"true","firebase-functions-hash":"c12b6b54eda13d382d4af81c1ee647989e5060af"},"sourceUploadUrl":"https://storage.googleapis.com/uploads-726654289055.us-central1.cloudfunctions.appspot.com/8812ac0a-e94d-49b2-a7e5-8e18d1fa8cf5.zip?GoogleAccessId=service-1051057023448@gcf-admin-robot.iam.gserviceaccount.com&Expires=1767323546&Signature=exM41Hu5Y0I2Yss3yB%2BY%2Bwd8jztaK%2BxeN8mSN8v6FneKX4fEzYmUdjX8teKDVXsw6pcVh3qBWDGL%2FXoUsdrkxA4dzsngZ9pbMBq3PEY91WAEQow6Nz6pm9JPS5FhqTz%2BUZ6dooORMTMT%2BXVivpUyJrl%2Bz4gcl1DdPYzTNQTyYe6nuHZazKkrKBo6w0iwdx03ntyjDdZZccvPPkkAd7HeGyFKxekMrQXLs76J6dOTXmpzGCk9UDiFp1GfqR1%2FZAdu0ZhofU17yzj8B2O8nMZ1rbyS9e9ixpAyGqGB0gDO1enzeV4EGG7kKFK4BZo5mlA%2BDL5JbxCDuFr%2B8FxFDXtNXg%3D%3D","environmentVariables":{"FIREBASE_CONFIG":"{\"projectId\":\"tesisderechoutpl\",\"storageBucket\":\"tesisderechoutpl.appspot.com\",\"locationId\":\"us-central\"}","GCLOUD_PROJECT":"tesisderechoutpl","EVENTARC_CLOUD_EVENT_SOURCE":"projects/tesisderechoutpl/locations/us-central1/functions/sendEmail"},"runtime":"nodejs20","buildEnvironmentVariables":{"GOOGLE_NODE_RUN_SCRIPTS":""},"dockerRegistry":"ARTIFACT_REGISTRY","automaticUpdatePolicy":{},"buildServiceAccount":"projects/tesisderechoutpl/serviceAccounts/1051057023448-compute@developer.gserviceaccount.com"},"versionId":"2","updateTime":"2026-01-02T02:43:45Z","buildId":"c5046470-cfa8-4c11-bf89-f295358cac0e","sourceToken":"af4cff60-8816-4359-afd6-67d911b054cd","buildName":"projects/1051057023448/locations/us-central1/builds/c5046470-cfa8-4c11-bf89-f295358cac0e"},"done":true,"error":{"code":3,"message":"Function failed on loading user code. This is likely due to a bug in the user code. Error message: Provided module can't be loaded.\nDid you list all required modules in the package.json dependencies?\nDetailed stack trace: Error: Cannot find module 'nodemailer'\nRequire stack:\n- /workspace/index.js\n- /layers/google.nodejs.functions-framework/functions-framework/node_modules/@google-cloud/functions-framework/build/src/loader.js\n- /layers/google.nodejs.functions-framework/functions-framework/node_modules/@google-cloud/functions-framework/build/src/main.js\n    at Module._resolveFilename (node:internal/modules/cjs/loader:1207:15)\n    at Module._load (node:internal/modules/cjs/loader:1038:27)\n    at Module.require (node:internal/modules/cjs/loader:1289:19)\n    at require (node:internal/modules/helpers:182:18)\n    at Object.<anonymous> (/workspace/index.js:13:20)\n    at Module._compile (node:internal/modules/cjs/loader:1521:14)\n    at Module._extensions..js (node:internal/modules/cjs/loader:1623:10)\n    at Module.load (node:internal/modules/cjs/loader:1266:32)\n    at Module._load (node:internal/modules/cjs/loader:1091:12)\n    at Module.require (node:internal/modules/cjs/loader:1289:19)\nCould not load the function, shutting down.. Please visit https://cloud.google.com/functions/docs/troubleshooting for in-depth troubleshooting documentation."}}
[debug] [2026-01-02T02:43:50.716Z] Got source token af4cff60-8816-4359-afd6-67d911b054cd for region us-central1
[error] Function failed on loading user code. This is likely due to a bug in the user code. Error message: Provided module can't be loaded.
Did you list all required modules in the package.json dependencies?
Detailed stack trace: Error: Cannot find module 'nodemailer'
Require stack:
- /workspace/index.js
- /layers/google.nodejs.functions-framework/functions-framework/node_modules/@google-cloud/functions-framework/build/src/loader.js
- /layers/google.nodejs.functions-framework/functions-framework/node_modules/@google-cloud/functions-framework/build/src/main.js
    at Module._resolveFilename (node:internal/modules/cjs/loader:1207:15)
    at Module._load (node:internal/modules/cjs/loader:1038:27)
    at Module.require (node:internal/modules/cjs/loader:1289:19)
    at require (node:internal/modules/helpers:182:18)
    at Object.<anonymous> (/workspace/index.js:13:20)
    at Module._compile (node:internal/modules/cjs/loader:1521:14)
    at Module._extensions..js (node:internal/modules/cjs/loader:1623:10)
    at Module.load (node:internal/modules/cjs/loader:1266:32)
    at Module._load (node:internal/modules/cjs/loader:1091:12)
    at Module.require (node:internal/modules/cjs/loader:1289:19)
Could not load the function, shutting down.. Please visit https://cloud.google.com/functions/docs/troubleshooting for in-depth troubleshooting documentation.
[debug] [2026-01-02T02:43:50.718Z] Total Function Deployment time: 81809
[debug] [2026-01-02T02:43:50.718Z] 1 Functions Deployed
[debug] [2026-01-02T02:43:50.718Z] 1 Functions Errored
[debug] [2026-01-02T02:43:50.718Z] 0 Function Deployments Aborted
[debug] [2026-01-02T02:43:50.718Z] Average Function Deployment time: 81808
[info] 
[info] Functions deploy had errors with the following functions:
	sendEmail(us-central1)
[debug] [2026-01-02T02:43:50.721Z] Checked if tokens are valid: true, expires at: 1767324834945
[debug] [2026-01-02T02:43:50.721Z] Checked if tokens are valid: true, expires at: 1767324834945
[debug] [2026-01-02T02:43:50.721Z] >>> [apiv2][query] GET https://artifactregistry.googleapis.com/v1/projects/tesisderechoutpl/locations/us-central1/repositories/gcf-artifacts [none]
[debug] [2026-01-02T02:43:53.202Z] <<< [apiv2][status] GET https://artifactregistry.googleapis.com/v1/projects/tesisderechoutpl/locations/us-central1/repositories/gcf-artifacts 200
[debug] [2026-01-02T02:43:53.202Z] <<< [apiv2][body] GET https://artifactregistry.googleapis.com/v1/projects/tesisderechoutpl/locations/us-central1/repositories/gcf-artifacts {"name":"projects/tesisderechoutpl/locations/us-central1/repositories/gcf-artifacts","format":"DOCKER","description":"This repository is created and used by Cloud Functions for storing function docker images.","labels":{"goog-managed-by":"cloudfunctions"},"createTime":"2025-04-28T22:39:04.293632Z","updateTime":"2026-01-02T02:43:13.701989Z","mode":"STANDARD_REPOSITORY","sizeBytes":"495835013","vulnerabilityScanningConfig":{"lastEnableTime":"2025-04-28T22:38:53.738815394Z","enablementState":"SCANNING_DISABLED","enablementStateReason":"API containerscanning.googleapis.com is not enabled."},"satisfiesPzi":true,"registryUri":"us-central1-docker.pkg.dev/tesisderechoutpl/gcf-artifacts"}
[warn] !  functions: No cleanup policy detected for repositories in us-central1. This may result in a small monthly bill as container images accumulate over time. 
[debug] [2026-01-02T02:46:27.822Z] ExitPromptError: User force closed the prompt with SIGINT
    at Interface.sigint (C:\Users\kevin\AppData\Roaming\npm\node_modules\firebase-tools\node_modules\@inquirer\core\dist\commonjs\lib\create-prompt.js:101:37)
    at Interface.emit (node:events:518:28)
    at Interface.emit (node:domain:489:12)
    at [_ttyWrite] [as _ttyWrite] (node:internal/readline/interface:1128:18)
    at ReadStream.onkeypress (node:internal/readline/interface:267:20)
    at ReadStream.emit (node:events:530:35)
    at ReadStream.emit (node:domain:489:12)
    at emitKeys (node:internal/readline/utils:370:14)
    at emitKeys.next (<anonymous>)
    at ReadStream.onData (node:internal/readline/emitKeypressEvents:64:36)
[error] 
[error] Error: An unexpected error has occurred.
